HI-TECH Software 8051-C Compiler V9.60

Linker command line:

--edf=C:\PROGRA~2\HI-TEC~1\HC51\lite\9.60\dat\en_msgs.txt \
  -h+Z:\project1.sym -z -Q8051AH -ol.obj -MZ:\project1.map -E1 \
  -ver=8051-C#V9.60 -ACODE=00h-0FFFh -pvectors=00h \
  -prbit=0/20h,rbss,rdata/CODE,irdata/CODE,idata/rbss -pbss=XDATA/idata \
  -pdata=CODE+100h -pconst=CODE+100h -pstrings=CODE+100h -pnvram=bss,heap \
  C:\Users\Pavel\AppData\Local\Temp\s1k8.obj Z:\main_0.obj \
  C:\PROGRA~2\HI-TEC~1\HC51\lite\9.60\lib\51--nsc.lib 

Object code version is 3.8

Machine type is 8051AH

Call graph:

*start1 size 0,0 offset 0
*    _main size 0,16 offset 0
*        _vyvod size 0,7 offset 16
*            _send_cmd size 0,1 offset 23
*                _delay size 0,6 offset 25
*            _send_data size 0,2 offset 23
*                _delay size 0,6 offset 25
*        _scroll_text size 0,7 offset 16
*            _send_cmd size 0,1 offset 23
*                _delay size 0,6 offset 25
*            _send_data size 0,2 offset 23
*                _delay size 0,6 offset 25
*            _delay size 0,6 offset 25

		Name          Link     Load   Length Selector Space Scale
C:\Users\Pavel\AppData\Local\Temp\s1k8.obj
		vectors          0        0        3       0     0
		text            C3       C3       14       0     0
Z:\main_0.obj   data           100      100       10     100     0
		strings        110      110        2     100     0
		text           112      112      1FD     100     0

C:\PROGRA~2\HI-TEC~1\HC51\lite\9.60\lib\51--nsc.lib
ldc_byte.obj    text           30F      30F       73     100     0
powerup.obj     text            D7       D7        3       0     0
str_cops.obj    text           382      382       41     100     0
div.obj         text             3        3       C0       0     0

COMMON          rbss            20       20       1F      20     1

TOTAL		Name          Link     Load   Length
	CLASS	CODE     
		vectors          0        0        3
		data           100      100       10
		text            C3       C3       14
		strings        110      110        2
		text           112      112      1FD
		text           30F      30F       73
		text            D7       D7        3
		text           382      382       41
		text             3        3       C0

	CLASS	DATA     
		rbss            20       20       1F

	CLASS	XDATA    

	CLASS	BITSEG   



SEGMENTS	Name		Load	Length	 Top	Selector    Space Class

		vectors         000000	0000DA	0000DA	       0       0  CODE    
		rbit            000020	00001F	00003F	      20       1  BITSEG  
		data            000100	0002C3	0003C3	     100       0  CODE    


UNUSED ADDRESS RANGES

	CODE             0DA-0FF
	                 3C3-FFF

                                  Symbol Table

?a_delay       rbss    039  ?a_main        rbss    020
?a_scroll_text rbss    030  ?a_send_cmd    rbss    037
?a_send_data   rbss    037  ?a_vyvod       rbss    030
__Bbss         bss     03F  __Bidata       idata   03F
__Birdata      irdata  003  __Brbit        rbit    020
__Brdata       rdata   003  __Hbss         bss     03F
__Hcode        code    03F  __Hconst       const   100
__Hdata        data    110  __Hheap        heap    03F
__Hidata       idata   03F  __Hirdata      irdata  03F
__Hnvram       nvram   03F  __Hrbit        rbit    000
__Hrbss        rbss    03F  __Hrdata       rdata   03F
__Hstrings     strings 112  __Htext        text    03F
__Hvectors     vectors 003  __Lbss         bss     03F
__Lcode        code    03F  __Lconst       const   100
__Ldata        data    100  __Lheap        heap    03F
__Lidata       idata   03F  __Lirdata      irdata  03F
__Lnvram       nvram   03F  __Lrbit        rbit    000
__Lrbss        rbss    020  __Lrdata       rdata   03F
__Lstrings     strings 110  __Ltext        text    03F
__Lvectors     vectors 000  __S0           (abs)   3C3
_delay         text    112  _exit          text    0D4
_main          text    2DC  _scroll_text   text    1F4
_send_cmd      text    167  _send_data     text    180
_vyvod         text    19C  awdiv          text    093
awmod          text    08B  intlevel0      (abs)   000
intlevel1      (abs)   000  ldb_r0         text    31E
ldb_r1         text    32B  ldb_r2         text    338
ldb_r3         text    345  ldb_r4         text    352
ldb_r5         text    35F  ldb_r6         text    36C
ldb_r7         text    379  ldc_byte       text    30F
ldc_r0         text    31A  ldc_r1         text    327
ldc_r2         text    334  ldc_r3         text    341
ldc_r4         text    34E  ldc_r5         text    35B
ldc_r6         text    368  ldc_r7         text    375
lwdiv          text    058  lwmod          text    064
powerup        text    0D7  small_model    (abs)   001
stack_internal (abs)   001  start          vectors 000
start1         text    0C3  str_copy       text    398
str_load       text    398  str_xcopy      text    382
strx_copy      text    398  strx_load      text    398
strx_xcopy     text    382  
